
鈹屸攢鈹€鈹€鈹€鈹€鈹€鈹€鈹€鈹€鈹€鈹€鈹€鈹€鈹€鈹€鈹€鈹€鈹€鈹€鈹€鈹€鈹€鈹€鈹€鈹€鈹€鈹€鈹€鈹€鈹€鈹€鈹€鈹€鈹€鈹€鈹€鈹€鈹€鈹€鈹€鈹€鈹€鈹€鈹€鈹€鈹€鈹€鈹€鈹€鈹€鈹€鈹€鈹€鈹€鈹€鈹€鈹€鈹?鈹?A new version of Flutter is available!                  鈹?鈹?                                                        鈹?鈹?To update to the latest version, run "flutter upgrade". 鈹?鈹斺攢鈹€鈹€鈹€鈹€鈹€鈹€鈹€鈹€鈹€鈹€鈹€鈹€鈹€鈹€鈹€鈹€鈹€鈹€鈹€鈹€鈹€鈹€鈹€鈹€鈹€鈹€鈹€鈹€鈹€鈹€鈹€鈹€鈹€鈹€鈹€鈹€鈹€鈹€鈹€鈹€鈹€鈹€鈹€鈹€鈹€鈹€鈹€鈹€鈹€鈹€鈹€鈹€鈹€鈹€鈹€鈹€鈹?
D:\CARDPrint_20251225\flutter\bin\flutter.bat
 : Support for Android x86 targets will be re
moved in the next stable release after 3.27. 
See https://github.com/flutter/flutter/issues
/157543 for details.
所在位置 行:1 字符: 65
+ ... tudio\jbr"; D:\CARDPrint_20251225\flutt
er\bin\flutter.bat build apk - ...
+                 ~~~~~~~~~~~~~~~~~~~~~~~~~~~
~~~~~~~~~~~~~~~~~~~~~~~~~~~~~~
    + CategoryInfo          : NotSpecified:  
   (Support for And...43 for details.:Strin  
  g) [], RemoteException
    + FullyQualifiedErrorId : NativeCommandE 
   rror
 
Running Gradle task 'assembleDebug'...                          
Your project is configured with Android NDK 2
6.1.10909125, but the following plugin(s) dep
end on a different Android NDK version:
- file_picker requires Android NDK 27.0.12077
973
- flutter_plugin_android_lifecycle requires A
ndroid NDK 27.0.12077973
- path_provider_android requires Android NDK 
27.0.12077973
- printing requires Android NDK 27.0.12077973
Fix this issue by using the highest Android N
DK version (they are backward compatible).
Add the following to D:\CARDPrint_20251225\ca
rdflow\android\app\build.gradle:

    android {
        ndkVersion = "27.0.12077973"
        ...
    }

lib/widgets/card_canvas.dart:123:79: Error: T
ype 'CardContent' not found.
  Widget _buildSingleCardPreview(BuildContext
 context, CardProvider provider, CardContent 
content) {
                                             
                                 ^^^^^^^^^^^
lib/widgets/card_canvas.dart:242:77: Error: T
ype 'CardContent' not found.
  Widget _buildFoldCardPreview(BuildContext c
ontext, CardProvider provider, CardContent co
ntent) {
                                             
                               ^^^^^^^^^^^
lib/widgets/card_canvas.dart:123:79: Error: '
CardContent' isn't a type.
  Widget _buildSingleCardPreview(BuildContext
 context, CardProvider provider, CardContent 
content) {
                                             
                                 ^^^^^^^^^^^
lib/widgets/card_canvas.dart:242:77: Error: '
CardContent' isn't a type.
  Widget _buildFoldCardPreview(BuildContext c
ontext, CardProvider provider, CardContent co
ntent) {
                                             
                               ^^^^^^^^^^^
Target kernel_snapshot_program failed: Except
ion


FAILURE: Build failed with an exception.

* What went wrong:
Execution failed for task ':app:compileFlutte
rBuildDebug'.
> Process 'command 'D:\CARDPrint_20251225\flu
tter\bin\flutter.bat'' finished with non-zero
 exit value 1

* Try:
> Run with --stacktrace option to get the sta
ck trace.
> Run with --info or --debug option to get mo
re log output.
> Run with --scan to get full insights.
> Get more help at https://help.gradle.org.

BUILD FAILED in 18s
Running Gradle task 'assembleDebug'...                             19.4s
Gradle task assembleDebug failed with exit co
de 1
